0: 13
1: 1
2: 1
3: 3
4: 1
5: 1
6: 1
7: 0
8: 0
9: 0
10: 0
11: 0
12: 0
OK
